2025-02-21 22:46:01,766 - masks - DEBUG - Получение маски для номера карты: 7000792289606361
2025-02-21 22:46:01,766 - masks - INFO - Маска карты успешно создана: 700079******6361
2025-02-21 22:46:01,768 - masks - DEBUG - Получение маски для номера карты: 1234567890123456
2025-02-21 22:46:01,768 - masks - INFO - Маска карты успешно создана: 123456******3456
2025-02-21 22:46:01,771 - masks - DEBUG - Получение маски для номера карты: 123456
2025-02-21 22:46:01,771 - masks - ERROR - Ошибка: Номер карты должен содержать 16 цифр.
2025-02-21 22:46:01,772 - masks - DEBUG - Получение маски для номера карты: 12345678901234567
2025-02-21 22:46:01,772 - masks - ERROR - Ошибка: Номер карты должен содержать 16 цифр.
2025-02-21 22:46:01,774 - masks - DEBUG - Получение маски для номера карты: abcdefabcdefghijklmno
2025-02-21 22:46:01,775 - masks - ERROR - Ошибка: Номер карты должен содержать 16 цифр.
2025-02-21 22:46:01,776 - masks - DEBUG - Получение маски для номера счета: 73654108430135874305
2025-02-21 22:46:01,776 - masks - INFO - Маска счета успешно создана: **4305
2025-02-21 22:46:01,778 - masks - DEBUG - Получение маски для номера счета: 12345678901234567890
2025-02-21 22:46:01,778 - masks - INFO - Маска счета успешно создана: **7890
2025-02-21 22:46:01,780 - masks - DEBUG - Получение маски для номера счета: 1234567890123456
2025-02-21 22:46:01,780 - masks - ERROR - Ошибка: Номер счета должен содержать 20 цифр.
2025-02-21 22:46:01,782 - masks - DEBUG - Получение маски для номера счета: 1234567890123456789012345
2025-02-21 22:46:01,782 - masks - ERROR - Ошибка: Номер счета должен содержать 20 цифр.
2025-02-21 22:46:01,783 - masks - DEBUG - Получение маски для номера счета: abcdefabcdefabcdefghij
2025-02-21 22:46:01,784 - masks - ERROR - Ошибка: Номер счета должен содержать 20 цифр.
